// Jest Snapshot v1, https://goo.gl/fbAQLP

exports[`[<PartnerBio />] matches to snapshot 1`] = `[Function]`;
