// Jest Snapshot v1, https://goo.gl/fbAQLP

exports[`[<DreamshareTitle />] matches to snapshot 1`] = `[Function]`;
