// Jest Snapshot v1, https://goo.gl/fbAQLP

exports[`[<PartnerIcon />] matches to snapshot 1`] = `[Function]`;
