// Jest Snapshot v1, https://goo.gl/fbAQLP

exports[`[<StepCard />] matches to snapshot 1`] = `[Function]`;
