// Jest Snapshot v1, https://goo.gl/fbAQLP

exports[`[<HeroSpotlight />] matches to snapshot 1`] = `[Function]`;
