// Jest Snapshot v1, https://goo.gl/fbAQLP

exports[`[<Home />] matches to snapshot 1`] = `[Function]`;
