// Jest Snapshot v1, https://goo.gl/fbAQLP

exports[`[<Home />] matches to snapshot 1`] = `
<Page__Wrapper>
  <Hero />
  <HowDreamshare />
  <DiscoverPartners />
  <SearchPartners />
  <Footer />
</Page__Wrapper>
`;
