// Jest Snapshot v1, https://goo.gl/fbAQLP

exports[`[<HeroDescription />] matches to snapshot 1`] = `
<StyledComponent
  forwardedClass={
    Object {
      "$$typeof": Symbol(react.forward_ref),
      "attrs": undefined,
      "componentStyle": ComponentStyle {
        "componentId": "HeroDescription__HeroDescriptionStyled-sc-1pz9ll8-0",
        "isStatic": false,
        "rules": Array [
          [Function],
          ";color:",
          [Function],
          ";font-size:24px;font-weight:300;@media only screen and (min-width:320px){font-size:18px;margin:20px 0;}@media only screen and (min-width:768px){margin:30px 0;font-size:24px;}",
        ],
      },
      "displayName": "HeroDescription__HeroDescriptionStyled",
      "render": [Function],
      "styledComponentId": "HeroDescription__HeroDescriptionStyled-sc-1pz9ll8-0",
      "target": "h4",
      "toString": [Function],
      "warnTooManyClasses": [Function],
      "withComponent": [Function],
    }
  }
  forwardedRef={null}
>
  I am a description
</StyledComponent>
`;
