// Jest Snapshot v1, https://goo.gl/fbAQLP

exports[`[<Hero />] matches to snapshot 1`] = `[Function]`;
