// Jest Snapshot v1, https://goo.gl/fbAQLP

exports[`[<DiscoverTitle />] matches to snapshot 1`] = `[Function]`;
