// Jest Snapshot v1, https://goo.gl/fbAQLP

exports[`[<PartnerCard />] matches to snapshot 1`] = `[Function]`;
