// Jest Snapshot v1, https://goo.gl/fbAQLP

exports[`[<DreamshareStepDescription />] matches to snapshot 1`] = `
<StyledComponent
  forwardedClass={
    Object {
      "$$typeof": Symbol(react.forward_ref),
      "attrs": undefined,
      "componentStyle": ComponentStyle {
        "componentId": "DreamshareStepCard-sc-1yp96kp-0",
        "isStatic": false,
        "rules": Array [
          "width:auto;border-radius:3px;background-image:linear-gradient( to bottom,rgba(0,0,0,0),rgba(0,0,0,0.6) ),url(",
          [Function],
          ");background-size:cover;background-position:center center;display:flex;flex-direction:column;align-items:flex-start;justify-content:space-between;box-sizing:border-box;@media only screen and (min-width:320px){height:240px;padding:60px 20px 20px 20px;margin-bottom:20px;}@media only screen and (min-width:768px){height:400px;padding:220px 25px 25px 25px;}",
        ],
      },
      "displayName": "DreamshareStepCard",
      "render": [Function],
      "styledComponentId": "DreamshareStepCard-sc-1yp96kp-0",
      "target": "article",
      "toString": [Function],
      "warnTooManyClasses": [Function],
      "withComponent": [Function],
    }
  }
  forwardedRef={null}
>
  I am description
</StyledComponent>
`;
