// Jest Snapshot v1, https://goo.gl/fbAQLP

exports[`[<StepTitle />] matches to snapshot 1`] = `[Function]`;
