// Jest Snapshot v1, https://goo.gl/fbAQLP

exports[`[<Logo />] matches to snapshot 1`] = `[Function]`;
