// Jest Snapshot v1, https://goo.gl/fbAQLP

exports[`[<StepBadge />] matches to snapshot 1`] = `[Function]`;
