// Jest Snapshot v1, https://goo.gl/fbAQLP

exports[`[<Footer />] matches to snapshot 1`] = `[Function]`;
