// Jest Snapshot v1, https://goo.gl/fbAQLP

exports[`[<StepDescription />] matches to snapshot 1`] = `[Function]`;
