// Jest Snapshot v1, https://goo.gl/fbAQLP

exports[`[<HeroContainer />] matches to snapshot 1`] = `[Function]`;
