// Jest Snapshot v1, https://goo.gl/fbAQLP

exports[`[<HeroContainer />] matches to snapshot 1`] = `
<StyledComponent
  forwardedClass={
    Object {
      "$$typeof": Symbol(react.forward_ref),
      "attrs": undefined,
      "componentStyle": ComponentStyle {
        "componentId": "HeroContainer-mwsivc-0",
        "isStatic": false,
        "rules": Array [
          "box-sizing: border-box;",
          [Function],
          [Function],
          [Function],
          [Function],
          [Function],
          [Function],
          [Function],
          [Function],
          "display: flex;",
          [Function],
          [Function],
          [Function],
          [Function],
          "width:100%;height:100vh;flex-direction:column;",
        ],
      },
      "displayName": "HeroContainer",
      "propTypes": Object {
        "alignItems": [Function],
        "flexDirection": [Function],
        "flexWrap": [Function],
        "justifyContent": [Function],
      },
      "render": [Function],
      "styledComponentId": "HeroContainer-mwsivc-0",
      "target": "div",
      "toString": [Function],
      "warnTooManyClasses": [Function],
      "withComponent": [Function],
    }
  }
  forwardedRef={null}
>
  I am a container!
</StyledComponent>
`;
