// Jest Snapshot v1, https://goo.gl/fbAQLP

exports[`[<HeroHeader />] matches to snapshot 1`] = `
<StyledComponent
  forwardedClass={
    Object {
      "$$typeof": Symbol(react.forward_ref),
      "attrs": undefined,
      "componentStyle": ComponentStyle {
        "componentId": "HeroHeader__HeroHeaderContainer-sc-5xwzmq-0",
        "isStatic": true,
        "rules": Array [
          "justify-content:space-between;align-items:center;position:relative;z-index:2;margin-left:0;margin-right:0;@media only screen and (min-width:320px){margin-top:20px;flex-direction:column-reverse;}@media only screen and (min-width:768px){flex-direction:row;}@media only screen and (min-width:1024px){margin-top:40px;}",
        ],
      },
      "displayName": "HeroHeader__HeroHeaderContainer",
      "render": [Function],
      "styledComponentId": "HeroHeader__HeroHeaderContainer-sc-5xwzmq-0",
      "target": [Function],
      "toString": [Function],
      "warnTooManyClasses": [Function],
      "withComponent": [Function],
      Symbol(Symbol.hasInstance): [Function],
    }
  }
  forwardedRef={null}
>
  <Column
    flex="none"
    mt={
      Array [
        100,
        0,
        0,
      ]
    }
  >
    <Logo
      color="#fff"
      size={20}
      text="DREAMSHARE"
      weight="bold"
    />
  </Column>
  <Column
    flex="none"
  >
    <Button
      ghost={true}
    >
      Login
    </Button>
    <Button>
      Sign Up
    </Button>
  </Column>
</StyledComponent>
`;
