// Jest Snapshot v1, https://goo.gl/fbAQLP

exports[`[<HeroContent />] matches to snapshot 1`] = `[Function]`;
