// Jest Snapshot v1, https://goo.gl/fbAQLP

exports[`[<Input />] matches to snapshot 1`] = `[Function]`;
