// Jest Snapshot v1, https://goo.gl/fbAQLP

exports[`[<PartnerName />] matches to snapshot 1`] = `[Function]`;
