// Jest Snapshot v1, https://goo.gl/fbAQLP

exports[`[<SearchPartners />] matches to snapshot 1`] = `[Function]`;
