// Jest Snapshot v1, https://goo.gl/fbAQLP

exports[`[<Page />] matches to snapshot 1`] = `[Function]`;
